// Jest Snapshot v1, https://goo.gl/fbAQLP

exports[`AppBar renders 1`] = `
<ButtonAppBar
  classes={
    Object {
      "appBar": "ButtonAppBar-appBar-5",
      "flex": "ButtonAppBar-flex-2",
      "logoutButton": "ButtonAppBar-logoutButton-6",
      "menuButton": "ButtonAppBar-menuButton-3",
      "palette": "ButtonAppBar-palette-4",
      "root": "ButtonAppBar-root-1",
    }
  }
/>
`;
